// Jest Snapshot v1, https://goo.gl/fbAQLP

exports[`should render LoginPage correctly 1`] = `
<div
  className="login__box mt-6"
>
  <div
    className="login__header pt-3 pb-2 px-4"
  >
    <h3
      className="text-center"
    >
      Log in to your account
    </h3>
  </div>
  <div
    className="login__body pt-4 px-3"
  >
    <Button
      className="login__google"
      color="secondary"
      onClick={[MockFunction]}
      tag="button"
    >
      Log in with Google
    </Button>
    <div
      className="login__separator-container py-3"
    >
      <div
        className="login__separator"
      />
      <div
        className="px-2"
      >
        OR
      </div>
      <div
        className="login__separator"
      />
    </div>
    <Connect(LoginForm) />
    <p
      className="text-center"
    >
      or 
      <Link
        replace={false}
        to="/resetpass"
      >
        Forgot password
      </Link>
    </p>
    <p
      className="text-center"
    >
      Donâ€™t have an account? 
      <Link
        replace={false}
        to="/signup"
      >
        Sign up
      </Link>
    </p>
  </div>
</div>
`;
